[spurious_branches] Block #0

0: LOADD           D2              50000  
1: CASTBOOLF       D2              
	D2 = Bool(D2)
2: COMPAREV        D2              1      
	D2 = Bool(D2)
3: SETMORE         D2              
	D2 = Bool(D2)
4: COMPAREV        D2              1      
	D2 = Bool(D2)
5: GOTOMORE        9               
	D2 = Bool(D2)
inferred D2: 1
9: SETMORE         D2              
	D2 = 1
10: COMPAREV        D2              0      
	D2 = 1
11: GOTOCMP         13              ==     
	D2 = 1
12: TRACEV          1               
	D2 = 1
	side_effects
rewrite 5: GOTOCMP         12              >=     

[reduce_comparisons] Block #0

1: CASTBOOLF       D2              
	D2 = Bool(D2)
2: COMPAREV        D2              1      
	D2 = Bool(D2)
3: SETMORE         D2              
	D2 = Bool(D2)
4: COMPAREV        D2              1      
	D2 = Bool(D2)
5: GOTOCMP         12              >=     
	D2 = Bool(D2)
rewrite 1: 5 -> 2 commands
1: COMPAREV        D2              0      
2: GOTOCMP         12              !=     
3: NOP            
4: NOP            
5: NOP            

[reduce_comparisons] Block #1

7: CASTBOOLF       D2              
	D2 = Bool(D2)
8: COMPAREV        D2              1      
	D2 = Bool(D2)
9: SETMORE         D2              
	D2 = Bool(D2)
10: COMPAREV        D2              0      
	D2 = Bool(D2)
11: GOTOCMP         13              ==     
	D2 = Bool(D2)
rewrite 7: 5 -> 2 commands
7: COMPAREV        D2              0      
8: GOTOCMP         13              ==     
9: NOP            
10: NOP            
11: NOP            
Function #0
    0: LOADD           D2              50000        [Block 0 -> 1, 3]
    1: COMPAREV        D2              0
    2: GOTOCMP         12              !=
    3: NOP                                          [Block 1 -> 2, 4]
    4: NOP
    5: NOP
    6: LOADD           D2              60000
    7: COMPAREV        D2              0
    8: GOTOCMP         13              ==
    9: NOP                                          [Block 2 -> 3]
   10: NOP
   11: NOP
   12: TRACEV          1                            [Block 3 -> 4]
   13: QUIT                                         [Block 4 -> ]
