Function #0
    0: NOP                                          [Block 0 -> ]
    1: NOP
    2: NOP
    3: POPARGS         D3              4
