Function #0
    0: CALLFUNC        5                            [Block 0 -> ][Call Function #1]
    1: CALLFUNC        39                           [Call Function #2]
    2: CALLFUNC        53                           [Call Function #4]
    3: CALLFUNC        70                           [Call Function #5]
    4: QUIT


Function #1
    5: LOADD           D0              0            [Block 0 -> ]
    6: NOP
    7: SETV            D2              750000
    8: NOP
    9: SETV            D1              0
   10: SETR            SCRIPTRAM       D2
   11: NOP
   12: SETV            D2              970000
   13: NOP
   14: SETV            D1              10000
   15: SETR            SCRIPTRAM       D2
   16: NOP
   17: SETV            D2              1180000
   18: NOP
   19: SETV            D1              20000
   20: SETR            SCRIPTRAM       D2
   21: NOP
   22: SETV            D2              1010000
   23: NOP
   24: SETV            D1              30000
   25: SETR            SCRIPTRAM       D2
   26: NOP
   27: SETV            D2              1140000
   28: NOP
   29: SETV            D1              40000
   30: SETR            SCRIPTRAM       D2
   31: NOP
   32: SETV            D2              1050000
   33: NOP
   34: SETV            D1              50000
   35: SETR            SCRIPTRAM       D2
   36: PUSHR           D0
   37: SETV            D2              0
   38: RETURNFUNC


Function #2
   39: LOADD           D0              0            [Block 0 -> ]
   40: NOP
   41: SETV            D2              750000
   42: NOP
   43: SETV            D1              0
   44: SETR            SCRIPTRAM       D2
   45: PUSHR           D0
   46: SETV            D2              970000
   47: CALLFUNC        50                           [Call Function #3]
   48: POP             D0
   49: RETURNFUNC


Function #3
   50: SETV            D0              1337         [Block 0 -> ]
   51: TRACER          D0
   52: RETURNFUNC


Function #4
   53: PUSHR           D0                           [Block 0 -> ]
   54: PUSHR           REFFFC
   55: PUSHARGSV       0               7
   56: SETR            D4              SP
   57: LOADD           D2              70000
   58: PUSHR           D2
   59: POP             REFFFC
   60: SETR            D2              DATA
   61: STORED          D2              60000
   62: PUSHV           0
   63: LOADD           D2              70000
   64: POP             D3
   65: PUSHR           D2
   66: PUSHR           D3
   67: PUSHV           70000
   68: POP             D0
   69: RETURNFUNC


Function #5
   70: LOADD           D3              0            [Block 0 -> ]
   71: PUSHR           D3
   72: POP             D2
   73: POP             REFFFC
   74: SETR            X               D2
   75: PUSHR           D4
   76: NOP
   77: PUSHR           GD3
   78: SETR            D2              GD4
   79: POP             D3
   80: RETURNFUNC
