Compiling 'enum.zs'
Pass 1: Parsing
Pass 2: Preprocessing
Pass 3: Registration
Pass 4: Analyzing Code
Pass 5: Generating object code
Pass 6: Assembling
Success!
Compile finished with exit code '0' (success)

PUSHV 0
PUSHR d2
PUSHR d2
PUSHR d2
PUSHR d2
SETR d4,SP
ALLOCATEMEMV d2,6
STORED d2,3
WRITEPODSTRING d2,"%aad\n"
ALLOCATEMEMV d2,2
STORED d2,0
SETR d0,d2
PUSHR d0
ALLOCATEMEMV d2,5
STORED d2,2
WRITEPODARRAY d2,{0,1,2,3,4}
LOADD d2,2
POP d0
WRITEPODARRAYVR 0,d2
PUSHR d0
ALLOCATEMEMV d2,5
STORED d2,1
WRITEPODARRAY d2,{0,0.0001,0.0002,0.0003,0.0004}
LOADD d2,1
POP d0
WRITEPODARRAYVR 1,d2
LOADD d2,3
PUSHR d2
LOADD d2,0
PUSHVARGR d2
PRINTFVARG
POP d5
LOADD d3,3
DEALLOCATEMEMR d3
LOADD d3,2
DEALLOCATEMEMR d3
LOADD d3,1
DEALLOCATEMEMR d3
LOADD d3,0
DEALLOCATEMEMR d3
POPARGS d5,0.0005
QUIT


QUIT