Compiling 'hello_world.zs'
Pass 1: Parsing
Pass 2: Preprocessing
Pass 3: Registration
Pass 4: Analyzing Code
Pass 5: Checking code paths
Pass 6: Generating object code
Pass 7: Assembling
Success!
Compile finished with exit code '0' (success)

PUSHARGSV 0,0.0003; void run() Body Start
SETR D4,SP
STOREDV 123,1
ALLOCATEMEMV D2,17
STORED D2,0
WRITEPODSTRING D2,"hello world: %d\n"
LOADD D2,0; InlineFunc[void printf(char32)] Params Start
PUSHR D2
LOADD D2,1
PUSHVARGR D2; InlineFunc[void printf(char32)] Params End
PRINTFVARG; InlineFunc[void printf(char32)] Body Start
POP D5; InlineFunc[void printf(char32)] Body End
LOADD D3,0
DEALLOCATEMEMR D3
POPARGS D5,0.0003
QUIT; void run() Body End


QUIT; void run() Body