Compiling 'modify_input.zs'
Pass 1: Parsing
Pass 2: Preprocessing
Pass 3: Registration
Pass 4: Analyzing Code
Pass 5: Checking code paths
Pass 6: Generating object code
Pass 7: Assembling
Internal error: couldn't find label 3442
Success!
Compile finished with exit code '0' (success)

QUIT; void run() Body
PUSHR REFFFC; void run() Body Start
SETR d4,SP
SETR d2,INPUTPRESSA; if() #1 Test AND while(true) #1 Body [Opt:AlwaysOn] Start
COMPAREV d2,0
GOTOTRUE 12; Test 'if'
SETV d2,0; if() #1 Body Start
PUSHR d2
POP d2
CASTBOOLI d2
SETR INPUTA,d2; if() #1 Body End
WAITFRAME; InlineFunc[void Waitframe()] Body AND while(true) #1 Body [Opt:AlwaysOn] End
GOTO 4; while() #1 End AND [Opt:NeverRet] AND void run() Body End