Compiling 'std.zs'
Pass 1: Parsing
Pass 2: Preprocessing
Pass 3: Registration
Pass 4: Analyzing Code
Pass 5: Checking code paths
Pass 6: Generating object code
Pass 7: Assembling
Success!
Compile finished with exit code '0' (success)

ALLOCATEGMEMV D2,4096; void run() Body Start
SETGVARR 0,D2
QUIT; void run() Body End