stderr:

Compiling 'arrays.zs'
Pass 1: Parsing
Pass 2: Preprocessing
Pass 3: Registration
Pass 4: Analyzing Code
arrays.zs Line 69 @ Columns 37-43 - Warning S108: Arrays should be explicitly typed - change `int` to `int[]`

67    void fnOldStyleArray(int arr)
68    {
69        printf("fnOldStyleArray(int arr)", arr[0]);
                                             ^~~~~~


arrays.zs Line 80 @ Columns 3-9 - Error S109: Arrays should be explicitly typed - change `int` to `int[]`

78            #option LEGACY_ARRAYS off
79    
80            arr[0];
              ^~~~~~


Failure!
Compile finished with exit code '109' (compiled with errors)

stdout:

{
  "success": false,
  "code": 109,
  "diagnostics": [
    {
      "range": {
        "start": {
          "line": 68,
          "character": 36
        },
        "end": {
          "line": 68,
          "character": 42
        }
      },
      "severity": 2,
      "message": "S108: Arrays should be explicitly typed - change `int` to `int[]`"
    },
    {
      "range": {
        "start": {
          "line": 79,
          "character": 2
        },
        "end": {
          "line": 79,
          "character": 8
        }
      },
      "severity": 1,
      "message": "S109: Arrays should be explicitly typed - change `int` to `int[]`"
    }
  ],
  "metadata": {
    "currentFileSymbols": 18,
    "symbols": 4,
    "identifiers": 8,
    "elided": true
  }
}
