stderr:

Compiling 'errors_1.zs'
Pass 1: Parsing
Pass 2: Preprocessing
Pass 3: Registration
Pass 4: Analyzing Code
errors_1.zs Line 1 @ Columns 15-21 - Error S011: Script Global needs a void run() function.

1    global script Global
                   ^~~~~~


Failure!
Compile finished with exit code '11' (compiled with errors)

stdout:

{
  "success": false,
  "code": 11,
  "diagnostics": [
    {
      "range": {
        "start": {
          "line": 0,
          "character": 14
        },
        "end": {
          "line": 0,
          "character": 20
        }
      },
      "severity": 1,
      "message": "S011: Script Global needs a void run() function."
    }
  ],
  "metadata": {
    "currentFileSymbols": 3,
    "symbols": 0,
    "identifiers": 0,
    "elided": true
  }
}
