stderr:

Compiling 'errors_7.zs'
Pass 1: Parsing
Pass 2: Preprocessing
Pass 3: Registration
Pass 4: Analyzing Code
errors_7.zs Line 8 @ Columns 2-13 - Warning S108: Array mismatch for types int and int[]

6    
7        // Due to legacy array type conversion, the default here is to warn.
8        arr2[0] = 5;
         ^~~~~~~~~~~


errors_7.zs Line 9 @ Columns 2-15 - Warning S108: Array mismatch for types int[][] and int

 7    // Due to legacy array type conversion, the default here is to warn.
 8    arr2[0] = 5;
 9    arr[0] = arr2;
      ^~~~~~~~~~~~~


errors_7.zs Line 10 @ Columns 2-16 - Warning S108: Array mismatch for types int[][] and int[]

 8    arr2[0] = 5;
 9    arr[0] = arr2;
10    arr2[2] = arr2;
      ^~~~~~~~~~~~~~


errors_7.zs Line 11 @ Columns 8-16 - Warning S108: Array mismatch for types int[][] and int[]

 9    arr[0] = arr2;
10    arr2[2] = arr2;
11    int[] arr3_bad = {arr,arr};
            ^~~~~~~~


errors_7.zs Line 16 @ Columns 3-14 - Error S109: Array mismatch for types int and int[]

14    
15            // Error.
16            arr2[0] = 5;
              ^~~~~~~~~~~


Failure!
Compile finished with exit code '109' (compiled with errors)

stdout:

{
  "success": false,
  "code": 109,
  "diagnostics": [
    {
      "range": {
        "start": {
          "line": 7,
          "character": 1
        },
        "end": {
          "line": 7,
          "character": 12
        }
      },
      "severity": 2,
      "message": "S108: Array mismatch for types int and int[]"
    },
    {
      "range": {
        "start": {
          "line": 8,
          "character": 1
        },
        "end": {
          "line": 8,
          "character": 14
        }
      },
      "severity": 2,
      "message": "S108: Array mismatch for types int[][] and int"
    },
    {
      "range": {
        "start": {
          "line": 9,
          "character": 1
        },
        "end": {
          "line": 9,
          "character": 15
        }
      },
      "severity": 2,
      "message": "S108: Array mismatch for types int[][] and int[]"
    },
    {
      "range": {
        "start": {
          "line": 10,
          "character": 7
        },
        "end": {
          "line": 10,
          "character": 15
        }
      },
      "severity": 2,
      "message": "S108: Array mismatch for types int[][] and int[]"
    },
    {
      "range": {
        "start": {
          "line": 15,
          "character": 2
        },
        "end": {
          "line": 15,
          "character": 13
        }
      },
      "severity": 1,
      "message": "S109: Array mismatch for types int and int[]"
    }
  ],
  "metadata": {
    "currentFileSymbols": 8,
    "symbols": 5,
    "identifiers": 13,
    "elided": true
  }
}
