stderr:

Compiling 'errors_3.zs'
Pass 1: Parsing
Pass 2: Preprocessing
Pass 3: Registration
Pass 4: Analyzing Code
errors_3.zs Line 11 @ Columns 13-19 - Error T017: Cannot cast from Object to int.

 9    
10            // Invalid.
11            int number = obj;
                  ^~~~~~


Failure!
Compile finished with exit code '17' (compiled with errors)

stdout:

{
  "success": false,
  "code": 17,
  "diagnostics": [
    {
      "range": {
        "start": {
          "line": 10,
          "character": 12
        },
        "end": {
          "line": 10,
          "character": 18
        }
      },
      "severity": 1,
      "message": "T017: Cannot cast from Object to int."
    }
  ],
  "metadata": {
    "currentFileSymbols": 25,
    "symbols": 3,
    "identifiers": 3,
    "elided": true
  }
}
