stderr:

Compiling 'errors_optional.zs'
Pass 1: Parsing
Pass 2: Preprocessing
Pass 3: Registration
errors_optional.zs Line 12 @ Columns 36-38 - Error S109: Function 'optional_params_3' has an optional parameter whose default value is not a constant expression

10    
11    // not ok, strings currently aren't considered compile time values (but probably should be)
12    int optional_params_3(char32[] a = "") {
                                         ^~


Failure!
Compile finished with exit code '109' (compiled with errors)

stdout:

{
  "success": false,
  "code": 109,
  "diagnostics": [
    {
      "range": {
        "start": {
          "line": 11,
          "character": 35
        },
        "end": {
          "line": 11,
          "character": 37
        }
      },
      "severity": 1,
      "message": "S109: Function 'optional_params_3' has an optional parameter whose default value is not a constant expression"
    }
  ],
  "metadata": {
    "currentFileSymbols": 6,
    "symbols": 0,
    "identifiers": 0,
    "elided": true
  }
}
