stderr:

Compiling 'errors_4.zs'
Pass 1: Parsing
Pass 2: Preprocessing
Pass 3: Registration
Pass 4: Analyzing Code
errors_4.zs Line 58 @ Columns 4-17 - Error T021: Function ArrayPushBack(char32, int) has not been declared.

56                #option LEGACY_ARRAYS off
57    
58                ArrayPushBack(ptr, 1);
                  ^~~~~~~~~~~~~


Failure!
Compile finished with exit code '21' (compiled with errors)

stdout:

{
  "success": false,
  "code": 21,
  "diagnostics": [
    {
      "range": {
        "start": {
          "line": 57,
          "character": 3
        },
        "end": {
          "line": 57,
          "character": 16
        }
      },
      "severity": 1,
      "message": "T021: Function ArrayPushBack(char32, int) has not been declared."
    }
  ],
  "metadata": {
    "currentFileSymbols": 18,
    "symbols": 3,
    "identifiers": 9,
    "elided": true
  }
}
